  Determining projects to restore...
  All projects are up-to-date for restore.
C:\Program Files\dotnet\sdk\10.0.100\Microsoft.Common.CurrentVersion.targets(5381,5): warning MSB3026: Could not copy "C:\JournalApp\JournalApp\obj\Debug\net9.0-windows\apphost.exe" to "bin\Debug\net9.0-windows\JournalApp.exe". Beginning retry 1 in 1000ms. The process cannot access the file 'C:\JournalApp\JournalApp\bin\Debug\net9.0-windows\JournalApp.exe' because it is being used by another process. The file is locked by: "JournalApp (18596)" [C:\JournalApp\JournalApp\JournalApp.csproj]
C:\Program Files\dotnet\sdk\10.0.100\Microsoft.Common.CurrentVersion.targets(5381,5): warning MSB3026: Could not copy "C:\JournalApp\JournalApp\obj\Debug\net9.0-windows\apphost.exe" to "bin\Debug\net9.0-windows\JournalApp.exe". Beginning retry 2 in 1000ms. The process cannot access the file 'C:\JournalApp\JournalApp\bin\Debug\net9.0-windows\JournalApp.exe' because it is being used by another process. The file is locked by: "JournalApp (18596)" [C:\JournalApp\JournalApp\JournalApp.csproj]
C:\Program Files\dotnet\sdk\10.0.100\Microsoft.Common.CurrentVersion.targets(5381,5): warning MSB3026: Could not copy "C:\JournalApp\JournalApp\obj\Debug\net9.0-windows\apphost.exe" to "bin\Debug\net9.0-windows\JournalApp.exe". Beginning retry 3 in 1000ms. The process cannot access the file 'C:\JournalApp\JournalApp\bin\Debug\net9.0-windows\JournalApp.exe' because it is being used by another process. The file is locked by: "JournalApp (18596)" [C:\JournalApp\JournalApp\JournalApp.csproj]
C:\Program Files\dotnet\sdk\10.0.100\Microsoft.Common.CurrentVersion.targets(5381,5): warning MSB3026: Could not copy "C:\JournalApp\JournalApp\obj\Debug\net9.0-windows\apphost.exe" to "bin\Debug\net9.0-windows\JournalApp.exe". Beginning retry 4 in 1000ms. The process cannot access the file 'C:\JournalApp\JournalApp\bin\Debug\net9.0-windows\JournalApp.exe' because it is being used by another process. The file is locked by: "JournalApp (18596)" [C:\JournalApp\JournalApp\JournalApp.csproj]
C:\Program Files\dotnet\sdk\10.0.100\Microsoft.Common.CurrentVersion.targets(5381,5): warning MSB3026: Could not copy "C:\JournalApp\JournalApp\obj\Debug\net9.0-windows\apphost.exe" to "bin\Debug\net9.0-windows\JournalApp.exe". Beginning retry 5 in 1000ms. The process cannot access the file 'C:\JournalApp\JournalApp\bin\Debug\net9.0-windows\JournalApp.exe' because it is being used by another process. The file is locked by: "JournalApp (18596)" [C:\JournalApp\JournalApp\JournalApp.csproj]
  JournalApp -> C:\JournalApp\JournalApp\bin\Debug\net9.0-windows\JournalApp.dll

Build succeeded.

C:\Program Files\dotnet\sdk\10.0.100\Microsoft.Common.CurrentVersion.targets(5381,5): warning MSB3026: Could not copy "C:\JournalApp\JournalApp\obj\Debug\net9.0-windows\apphost.exe" to "bin\Debug\net9.0-windows\JournalApp.exe". Beginning retry 1 in 1000ms. The process cannot access the file 'C:\JournalApp\JournalApp\bin\Debug\net9.0-windows\JournalApp.exe' because it is being used by another process. The file is locked by: "JournalApp (18596)" [C:\JournalApp\JournalApp\JournalApp.csproj]
C:\Program Files\dotnet\sdk\10.0.100\Microsoft.Common.CurrentVersion.targets(5381,5): warning MSB3026: Could not copy "C:\JournalApp\JournalApp\obj\Debug\net9.0-windows\apphost.exe" to "bin\Debug\net9.0-windows\JournalApp.exe". Beginning retry 2 in 1000ms. The process cannot access the file 'C:\JournalApp\JournalApp\bin\Debug\net9.0-windows\JournalApp.exe' because it is being used by another process. The file is locked by: "JournalApp (18596)" [C:\JournalApp\JournalApp\JournalApp.csproj]
C:\Program Files\dotnet\sdk\10.0.100\Microsoft.Common.CurrentVersion.targets(5381,5): warning MSB3026: Could not copy "C:\JournalApp\JournalApp\obj\Debug\net9.0-windows\apphost.exe" to "bin\Debug\net9.0-windows\JournalApp.exe". Beginning retry 3 in 1000ms. The process cannot access the file 'C:\JournalApp\JournalApp\bin\Debug\net9.0-windows\JournalApp.exe' because it is being used by another process. The file is locked by: "JournalApp (18596)" [C:\JournalApp\JournalApp\JournalApp.csproj]
C:\Program Files\dotnet\sdk\10.0.100\Microsoft.Common.CurrentVersion.targets(5381,5): warning MSB3026: Could not copy "C:\JournalApp\JournalApp\obj\Debug\net9.0-windows\apphost.exe" to "bin\Debug\net9.0-windows\JournalApp.exe". Beginning retry 4 in 1000ms. The process cannot access the file 'C:\JournalApp\JournalApp\bin\Debug\net9.0-windows\JournalApp.exe' because it is being used by another process. The file is locked by: "JournalApp (18596)" [C:\JournalApp\JournalApp\JournalApp.csproj]
C:\Program Files\dotnet\sdk\10.0.100\Microsoft.Common.CurrentVersion.targets(5381,5): warning MSB3026: Could not copy "C:\JournalApp\JournalApp\obj\Debug\net9.0-windows\apphost.exe" to "bin\Debug\net9.0-windows\JournalApp.exe". Beginning retry 5 in 1000ms. The process cannot access the file 'C:\JournalApp\JournalApp\bin\Debug\net9.0-windows\JournalApp.exe' because it is being used by another process. The file is locked by: "JournalApp (18596)" [C:\JournalApp\JournalApp\JournalApp.csproj]
    5 Warning(s)
    0 Error(s)

Time Elapsed 00:00:06.48
