Build started 1/27/2026 10:17:48 AM.
     1>Project "C:\JournalApp\JournalApp\JournalApp.csproj" on node 1 (Restore target(s)).
     1>_GetAllRestoreProjectPathItems:
         Determining projects to restore...
       Restore:
         X.509 certificate chain validation will use the default trust store selected by .NET for code signing.
         X.509 certificate chain validation will use the default trust store selected by .NET for timestamping.
         Assets file has not changed. Skipping assets file writing. Path: C:\JournalApp\JournalApp\obj\project.assets.json
         Restored C:\JournalApp\JournalApp\JournalApp.csproj (in 30 ms).
         
         NuGet Config files used:
             C:\Users\LEGION\AppData\Roaming\NuGet\NuGet.Config
             C:\Program Files (x86)\NuGet\Config\Microsoft.VisualStudio.FallbackLocation.config
             C:\Program Files (x86)\NuGet\Config\Microsoft.VisualStudio.Offline.config
         
         Feeds used:
             https://api.nuget.org/v3/index.json
             C:\Program Files (x86)\Microsoft SDKs\NuGetPackages\
             C:\Program Files\dotnet\library-packs
         All projects are up-to-date for restore.
     1>Done Building Project "C:\JournalApp\JournalApp\JournalApp.csproj" (Restore target(s)).
   1:7>Project "C:\JournalApp\JournalApp\JournalApp.csproj" on node 1 (default targets).
     1>C:\JournalApp\JournalApp\Views\DashboardView.xaml(117,76): error MC3074: The tag '0' does not exist in XML namespace 'http://schemas.microsoft.com/winfx/2006/xaml/presentation'. Line 117 Position 76. [C:\JournalApp\JournalApp\JournalApp.csproj]
     1>Done Building Project "C:\JournalApp\JournalApp\JournalApp.csproj" (default targets) -- FAILED.

Build FAILED.

       "C:\JournalApp\JournalApp\JournalApp.csproj" (default target) (1:7) ->
       (MarkupCompilePass1 target) -> 
         C:\JournalApp\JournalApp\Views\DashboardView.xaml(117,76): error MC3074: The tag '0' does not exist in XML namespace 'http://schemas.microsoft.com/winfx/2006/xaml/presentation'. Line 117 Position 76. [C:\JournalApp\JournalApp\JournalApp.csproj]

    0 Warning(s)
    1 Error(s)

Time Elapsed 00:00:01.09
